../Core/Src/main.c:79:6:HAL_UART_RxCpltCallback	16	static
../Core/Src/main.c:119:5:main	8	static
../Core/Src/main.c:172:6:SystemClock_Config	88	static
../Core/Src/main.c:211:13:MX_USART3_UART_Init	8	static
../Core/Src/main.c:246:13:MX_USART4_UART_Init	8	static
../Core/Src/main.c:279:13:MX_DMA_Init	16	static
../Core/Src/main.c:297:13:MX_GPIO_Init	48	static
../Core/Src/main.c:366:6:clearRxBuffer	8	static
../Core/Src/main.c:372:6:clearMqttBuffer	8	static
../Core/Src/main.c:377:6:printk	16	static
../Core/Src/main.c:389:5:SendCommand	24	static
../Core/Src/main.c:405:6:copyCleanedString	32	static
../Core/Src/main.c:429:6:Error_Handler	8	static,ignoring_inline_asm
